<?xml version="1.0" encoding="ISO-8859-1" ?>
<link_info>
   <banner>TMS320C2000 Linker PC v21.6.0.LTS</banner>
   <copyright>Copyright (c) 1996-2018 Texas Instruments Incorporated</copyright>
   <link_time>0x65df2c7d</link_time>
   <link_errors>0x0</link_errors>
   <output_file>potentiometer_control_pwm_duty.out</output_file>
   <entry_point>
      <name>_c_int00</name>
      <address>0xab52</address>
   </entry_point>
   <input_file_list>
      <input_file id="fl-2">
         <path>.\</path>
         <kind>object</kind>
         <file>main.obj</file>
         <name>main.obj</name>
      </input_file>
      <input_file id="fl-3">
         <path>.\common\source\</path>
         <kind>object</kind>
         <file>device.obj</file>
         <name>device.obj</name>
      </input_file>
      <input_file id="fl-4">
         <path>.\common\source\</path>
         <kind>object</kind>
         <file>f28002x_adc.obj</file>
         <name>f28002x_adc.obj</name>
      </input_file>
      <input_file id="fl-5">
         <path>.\common\source\</path>
         <kind>object</kind>
         <file>f28002x_codestartbranch.obj</file>
         <name>f28002x_codestartbranch.obj</name>
      </input_file>
      <input_file id="fl-6">
         <path>.\common\source\</path>
         <kind>object</kind>
         <file>f28002x_cputimers.obj</file>
         <name>f28002x_cputimers.obj</name>
      </input_file>
      <input_file id="fl-7">
         <path>.\common\source\</path>
         <kind>object</kind>
         <file>f28002x_dbgier.obj</file>
         <name>f28002x_dbgier.obj</name>
      </input_file>
      <input_file id="fl-8">
         <path>.\common\source\</path>
         <kind>object</kind>
         <file>f28002x_dcsm_z1otp.obj</file>
         <name>f28002x_dcsm_z1otp.obj</name>
      </input_file>
      <input_file id="fl-9">
         <path>.\common\source\</path>
         <kind>object</kind>
         <file>f28002x_dcsm_z2otp.obj</file>
         <name>f28002x_dcsm_z2otp.obj</name>
      </input_file>
      <input_file id="fl-a">
         <path>.\common\source\</path>
         <kind>object</kind>
         <file>f28002x_defaultisr.obj</file>
         <name>f28002x_defaultisr.obj</name>
      </input_file>
      <input_file id="fl-b">
         <path>.\common\source\</path>
         <kind>object</kind>
         <file>f28002x_dma.obj</file>
         <name>f28002x_dma.obj</name>
      </input_file>
      <input_file id="fl-c">
         <path>.\common\source\</path>
         <kind>object</kind>
         <file>f28002x_epwm.obj</file>
         <name>f28002x_epwm.obj</name>
      </input_file>
      <input_file id="fl-d">
         <path>.\common\source\</path>
         <kind>object</kind>
         <file>f28002x_gpio.obj</file>
         <name>f28002x_gpio.obj</name>
      </input_file>
      <input_file id="fl-e">
         <path>.\common\source\</path>
         <kind>object</kind>
         <file>f28002x_piectrl.obj</file>
         <name>f28002x_piectrl.obj</name>
      </input_file>
      <input_file id="fl-f">
         <path>.\common\source\</path>
         <kind>object</kind>
         <file>f28002x_pievect.obj</file>
         <name>f28002x_pievect.obj</name>
      </input_file>
      <input_file id="fl-10">
         <path>.\common\source\</path>
         <kind>object</kind>
         <file>f28002x_spi.obj</file>
         <name>f28002x_spi.obj</name>
      </input_file>
      <input_file id="fl-11">
         <path>.\common\source\</path>
         <kind>object</kind>
         <file>f28002x_sysctrl.obj</file>
         <name>f28002x_sysctrl.obj</name>
      </input_file>
      <input_file id="fl-12">
         <path>.\common\source\</path>
         <kind>object</kind>
         <file>f28002x_tempsensorconv.obj</file>
         <name>f28002x_tempsensorconv.obj</name>
      </input_file>
      <input_file id="fl-13">
         <path>.\common\source\</path>
         <kind>object</kind>
         <file>f28002x_usdelay.obj</file>
         <name>f28002x_usdelay.obj</name>
      </input_file>
      <input_file id="fl-14">
         <path>.\driverlib\</path>
         <kind>object</kind>
         <file>adc.obj</file>
         <name>adc.obj</name>
      </input_file>
      <input_file id="fl-15">
         <path>.\driverlib\</path>
         <kind>object</kind>
         <file>asysctl.obj</file>
         <name>asysctl.obj</name>
      </input_file>
      <input_file id="fl-16">
         <path>.\driverlib\</path>
         <kind>object</kind>
         <file>bgcrc.obj</file>
         <name>bgcrc.obj</name>
      </input_file>
      <input_file id="fl-17">
         <path>.\driverlib\</path>
         <kind>object</kind>
         <file>can.obj</file>
         <name>can.obj</name>
      </input_file>
      <input_file id="fl-18">
         <path>.\driverlib\</path>
         <kind>object</kind>
         <file>clb.obj</file>
         <name>clb.obj</name>
      </input_file>
      <input_file id="fl-19">
         <path>.\driverlib\</path>
         <kind>object</kind>
         <file>cmpss.obj</file>
         <name>cmpss.obj</name>
      </input_file>
      <input_file id="fl-1a">
         <path>.\driverlib\</path>
         <kind>object</kind>
         <file>cputimer.obj</file>
         <name>cputimer.obj</name>
      </input_file>
      <input_file id="fl-1b">
         <path>.\driverlib\</path>
         <kind>object</kind>
         <file>dcc.obj</file>
         <name>dcc.obj</name>
      </input_file>
      <input_file id="fl-1c">
         <path>.\driverlib\</path>
         <kind>object</kind>
         <file>dcsm.obj</file>
         <name>dcsm.obj</name>
      </input_file>
      <input_file id="fl-1d">
         <path>.\driverlib\</path>
         <kind>object</kind>
         <file>dma.obj</file>
         <name>dma.obj</name>
      </input_file>
      <input_file id="fl-1e">
         <path>.\driverlib\</path>
         <kind>object</kind>
         <file>ecap.obj</file>
         <name>ecap.obj</name>
      </input_file>
      <input_file id="fl-1f">
         <path>.\driverlib\</path>
         <kind>object</kind>
         <file>epwm.obj</file>
         <name>epwm.obj</name>
      </input_file>
      <input_file id="fl-20">
         <path>.\driverlib\</path>
         <kind>object</kind>
         <file>eqep.obj</file>
         <name>eqep.obj</name>
      </input_file>
      <input_file id="fl-21">
         <path>.\driverlib\</path>
         <kind>object</kind>
         <file>erad.obj</file>
         <name>erad.obj</name>
      </input_file>
      <input_file id="fl-22">
         <path>.\driverlib\</path>
         <kind>object</kind>
         <file>flash.obj</file>
         <name>flash.obj</name>
      </input_file>
      <input_file id="fl-23">
         <path>.\driverlib\</path>
         <kind>object</kind>
         <file>fsi.obj</file>
         <name>fsi.obj</name>
      </input_file>
      <input_file id="fl-24">
         <path>.\driverlib\</path>
         <kind>object</kind>
         <file>gpio.obj</file>
         <name>gpio.obj</name>
      </input_file>
      <input_file id="fl-25">
         <path>.\driverlib\</path>
         <kind>object</kind>
         <file>hic.obj</file>
         <name>hic.obj</name>
      </input_file>
      <input_file id="fl-26">
         <path>.\driverlib\</path>
         <kind>object</kind>
         <file>hrcap.obj</file>
         <name>hrcap.obj</name>
      </input_file>
      <input_file id="fl-27">
         <path>.\driverlib\</path>
         <kind>object</kind>
         <file>hrpwm.obj</file>
         <name>hrpwm.obj</name>
      </input_file>
      <input_file id="fl-28">
         <path>.\driverlib\</path>
         <kind>object</kind>
         <file>i2c.obj</file>
         <name>i2c.obj</name>
      </input_file>
      <input_file id="fl-29">
         <path>.\driverlib\</path>
         <kind>object</kind>
         <file>interrupt.obj</file>
         <name>interrupt.obj</name>
      </input_file>
      <input_file id="fl-2a">
         <path>.\driverlib\</path>
         <kind>object</kind>
         <file>lin.obj</file>
         <name>lin.obj</name>
      </input_file>
      <input_file id="fl-2b">
         <path>.\driverlib\</path>
         <kind>object</kind>
         <file>memcfg.obj</file>
         <name>memcfg.obj</name>
      </input_file>
      <input_file id="fl-2c">
         <path>.\driverlib\</path>
         <kind>object</kind>
         <file>pmbus.obj</file>
         <name>pmbus.obj</name>
      </input_file>
      <input_file id="fl-2d">
         <path>.\driverlib\</path>
         <kind>object</kind>
         <file>sci.obj</file>
         <name>sci.obj</name>
      </input_file>
      <input_file id="fl-2e">
         <path>.\driverlib\</path>
         <kind>object</kind>
         <file>spi.obj</file>
         <name>spi.obj</name>
      </input_file>
      <input_file id="fl-2f">
         <path>.\driverlib\</path>
         <kind>object</kind>
         <file>sysctl.obj</file>
         <name>sysctl.obj</name>
      </input_file>
      <input_file id="fl-30">
         <path>.\driverlib\</path>
         <kind>object</kind>
         <file>version.obj</file>
         <name>version.obj</name>
      </input_file>
      <input_file id="fl-31">
         <path>.\driverlib\</path>
         <kind>object</kind>
         <file>xbar.obj</file>
         <name>xbar.obj</name>
      </input_file>
      <input_file id="fl-32">
         <path>.\headers\source\</path>
         <kind>object</kind>
         <file>f28002x_globalvariabledefs.obj</file>
         <name>f28002x_globalvariabledefs.obj</name>
      </input_file>
      <input_file id="fl-3a">
         <kind>object</kind>
         <file>&lt;internal&gt;</file>
         <name>&lt;internal&gt;</name>
      </input_file>
      <input_file id="fl-46">
         <path>C:\ti\ccs1100\ccs\tools\compiler\ti-cgt-c2000_21.6.0.LTS\lib\</path>
         <kind>archive</kind>
         <file>rts2800_fpu32_eabi.lib</file>
         <name>boot28.asm.obj</name>
      </input_file>
      <input_file id="fl-47">
         <path>C:\ti\ccs1100\ccs\tools\compiler\ti-cgt-c2000_21.6.0.LTS\lib\</path>
         <kind>archive</kind>
         <file>rts2800_fpu32_eabi.lib</file>
         <name>fs_div28.asm.obj</name>
      </input_file>
      <input_file id="fl-48">
         <path>C:\ti\ccs1100\ccs\tools\compiler\ti-cgt-c2000_21.6.0.LTS\lib\</path>
         <kind>archive</kind>
         <file>rts2800_fpu32_eabi.lib</file>
         <name>pre_init.c.obj</name>
      </input_file>
      <input_file id="fl-49">
         <path>C:\ti\ccs1100\ccs\tools\compiler\ti-cgt-c2000_21.6.0.LTS\lib\</path>
         <kind>archive</kind>
         <file>rts2800_fpu32_eabi.lib</file>
         <name>autoinit.c.obj</name>
      </input_file>
      <input_file id="fl-4a">
         <path>C:\ti\ccs1100\ccs\tools\compiler\ti-cgt-c2000_21.6.0.LTS\lib\</path>
         <kind>archive</kind>
         <file>rts2800_fpu32_eabi.lib</file>
         <name>copy_zero_init.c.obj</name>
      </input_file>
      <input_file id="fl-4b">
         <path>C:\ti\ccs1100\ccs\tools\compiler\ti-cgt-c2000_21.6.0.LTS\lib\</path>
         <kind>archive</kind>
         <file>rts2800_fpu32_eabi.lib</file>
         <name>copy_decompress_none.c.obj</name>
      </input_file>
      <input_file id="fl-4c">
         <path>C:\ti\ccs1100\ccs\tools\compiler\ti-cgt-c2000_21.6.0.LTS\lib\</path>
         <kind>archive</kind>
         <file>rts2800_fpu32_eabi.lib</file>
         <name>copy_decompress_lzss.c.obj</name>
      </input_file>
      <input_file id="fl-4d">
         <path>C:\ti\ccs1100\ccs\tools\compiler\ti-cgt-c2000_21.6.0.LTS\lib\</path>
         <kind>archive</kind>
         <file>rts2800_fpu32_eabi.lib</file>
         <name>exit.c.obj</name>
      </input_file>
      <input_file id="fl-4e">
         <path>C:\ti\ccs1100\ccs\tools\compiler\ti-cgt-c2000_21.6.0.LTS\lib\</path>
         <kind>archive</kind>
         <file>rts2800_fpu32_eabi.lib</file>
         <name>_lock.c.obj</name>
      </input_file>
      <input_file id="fl-4f">
         <path>C:\ti\ccs1100\ccs\tools\compiler\ti-cgt-c2000_21.6.0.LTS\lib\</path>
         <kind>archive</kind>
         <file>rts2800_fpu32_eabi.lib</file>
         <name>args_main.c.obj</name>
      </input_file>
      <input_file id="fl-50">
         <path>C:\ti\ccs1100\ccs\tools\compiler\ti-cgt-c2000_21.6.0.LTS\lib\</path>
         <kind>archive</kind>
         <file>rts2800_fpu32_eabi.lib</file>
         <name>memset.c.obj</name>
      </input_file>
      <input_file id="fl-51">
         <path>C:\ti\ccs1100\ccs\tools\compiler\ti-cgt-c2000_21.6.0.LTS\lib\</path>
         <kind>archive</kind>
         <file>rts2800_fpu32_eabi.lib</file>
         <name>cpy_tbl.c.obj</name>
      </input_file>
      <input_file id="fl-52">
         <path>C:\ti\ccs1100\ccs\tools\compiler\ti-cgt-c2000_21.6.0.LTS\lib\</path>
         <kind>archive</kind>
         <file>rts2800_fpu32_eabi.lib</file>
         <name>memcpy.c.obj</name>
      </input_file>
      <input_file id="fl-53">
         <path>C:\ti\ccs1100\ccs\tools\compiler\ti-cgt-c2000_21.6.0.LTS\lib\</path>
         <kind>archive</kind>
         <file>rts2800_fpu32_eabi.lib</file>
         <name>startup.c.obj</name>
      </input_file>
   </input_file_list>
   <object_component_list>
      <object_component id="oc-5ce">
         <name>.text:EPWM_configureSignal</name>
         <load_address>0xa000</load_address>
         <run_address>0xa000</run_address>
         <size>0x1fd</size>
         <input_file_ref idref="fl-1f"/>
      </object_component>
      <object_component id="oc-4d3">
         <name>.text:SysCtl_setClock</name>
         <load_address>0xa1fd</load_address>
         <run_address>0xa1fd</run_address>
         <size>0x10c</size>
         <input_file_ref idref="fl-2f"/>
      </object_component>
      <object_component id="oc-5f5">
         <name>.text:SysCtl_isPLLValid</name>
         <load_address>0xa309</load_address>
         <run_address>0xa309</run_address>
         <size>0x103</size>
         <input_file_ref idref="fl-2f"/>
      </object_component>
      <object_component id="oc-4e5">
         <name>.text:Device_enableAllPeripherals</name>
         <load_address>0xa40c</load_address>
         <run_address>0xa40c</run_address>
         <size>0x9a</size>
         <input_file_ref idref="fl-3"/>
      </object_component>
      <object_component id="oc-33f">
         <name>.text</name>
         <load_address>0xa4a6</load_address>
         <run_address>0xa4a6</run_address>
         <size>0x88</size>
         <input_file_ref idref="fl-47"/>
      </object_component>
      <object_component id="oc-578">
         <name>.text:EPWM_setADCTriggerSource</name>
         <load_address>0xa52e</load_address>
         <run_address>0xa52e</run_address>
         <size>0x6b</size>
         <input_file_ref idref="fl-2"/>
      </object_component>
      <object_component id="oc-92">
         <name>.text:adcA1ISR</name>
         <load_address>0xa599</load_address>
         <run_address>0xa599</run_address>
         <size>0x55</size>
         <input_file_ref idref="fl-2"/>
      </object_component>
      <object_component id="oc-494">
         <name>.text:ADC_init</name>
         <load_address>0xa5ee</load_address>
         <run_address>0xa5ee</run_address>
         <size>0x4e</size>
         <input_file_ref idref="fl-2"/>
      </object_component>
      <object_component id="oc-514">
         <name>.text:GPIO_setAnalogMode</name>
         <load_address>0xa63c</load_address>
         <run_address>0xa63c</run_address>
         <size>0x45</size>
         <input_file_ref idref="fl-24"/>
      </object_component>
      <object_component id="oc-47c">
         <name>.text:Interrupt_initModule</name>
         <load_address>0xa681</load_address>
         <run_address>0xa681</run_address>
         <size>0x3d</size>
         <input_file_ref idref="fl-29"/>
      </object_component>
      <object_component id="oc-49a">
         <name>.text:TriggerEPWM_init</name>
         <load_address>0xa6be</load_address>
         <run_address>0xa6be</run_address>
         <size>0x39</size>
         <input_file_ref idref="fl-2"/>
      </object_component>
      <object_component id="oc-668">
         <name>.text:EPWM_setActionQualifierAction</name>
         <load_address>0xa6f7</load_address>
         <run_address>0xa6f7</run_address>
         <size>0x38</size>
         <input_file_ref idref="fl-1f"/>
      </object_component>
      <object_component id="oc-50e">
         <name>.text:GPIO_setPinConfig</name>
         <load_address>0xa72f</load_address>
         <run_address>0xa72f</run_address>
         <size>0x37</size>
         <input_file_ref idref="fl-24"/>
      </object_component>
      <object_component id="oc-65c">
         <name>.text:EPWM_setCounterCompareShadowLoadMode</name>
         <load_address>0xa766</load_address>
         <run_address>0xa766</run_address>
         <size>0x34</size>
         <input_file_ref idref="fl-1f"/>
      </object_component>
      <object_component id="oc-367">
         <name>.text:Interrupt_enable</name>
         <load_address>0xa79a</load_address>
         <run_address>0xa79a</run_address>
         <size>0x34</size>
         <input_file_ref idref="fl-29"/>
      </object_component>
      <object_component id="oc-80">
         <name>.text:decompress:lzss</name>
         <load_address>0xa7ce</load_address>
         <run_address>0xa7ce</run_address>
         <size>0x31</size>
         <input_file_ref idref="fl-4c"/>
      </object_component>
      <object_component id="oc-6b1">
         <name>.text:DCC_setCounterSeeds</name>
         <load_address>0xa7ff</load_address>
         <run_address>0xa7ff</run_address>
         <size>0x2f</size>
         <input_file_ref idref="fl-2f"/>
      </object_component>
      <object_component id="oc-5e9">
         <name>.text:SysCtl_selectOscSource</name>
         <load_address>0xa82e</load_address>
         <run_address>0xa82e</run_address>
         <size>0x2b</size>
         <input_file_ref idref="fl-2f"/>
      </object_component>
      <object_component id="oc-673">
         <name>.text:SysCtl_selectXTAL</name>
         <load_address>0xa859</load_address>
         <run_address>0xa859</run_address>
         <size>0x2b</size>
         <input_file_ref idref="fl-2f"/>
      </object_component>
      <object_component id="oc-3ef">
         <name>.text:__TI_auto_init_nobinit_nopinit</name>
         <load_address>0xa884</load_address>
         <run_address>0xa884</run_address>
         <size>0x2b</size>
         <input_file_ref idref="fl-49"/>
      </object_component>
      <object_component id="oc-4a0">
         <name>.text:EPWM2_init</name>
         <load_address>0xa8af</load_address>
         <run_address>0xa8af</run_address>
         <size>0x2a</size>
         <input_file_ref idref="fl-2"/>
      </object_component>
      <object_component id="oc-332">
         <name>.text</name>
         <load_address>0xa8d9</load_address>
         <run_address>0xa8d9</run_address>
         <size>0x29</size>
         <input_file_ref idref="fl-4d"/>
      </object_component>
      <object_component id="oc-5a3">
         <name>.text:SysCtl_resetPeripheral</name>
         <load_address>0xa902</load_address>
         <run_address>0xa902</run_address>
         <size>0x28</size>
         <input_file_ref idref="fl-2"/>
      </object_component>
      <object_component id="oc-4a6">
         <name>.text:change_duty_ratio</name>
         <load_address>0xa92a</load_address>
         <run_address>0xa92a</run_address>
         <size>0x28</size>
         <input_file_ref idref="fl-2"/>
      </object_component>
      <object_component id="oc-57e">
         <name>.text:EPWM_setADCTriggerEventPrescale</name>
         <load_address>0xa952</load_address>
         <run_address>0xa952</run_address>
         <size>0x27</size>
         <input_file_ref idref="fl-2"/>
      </object_component>
      <object_component id="oc-6db">
         <name>.text:SysCtl_pollX1Counter</name>
         <load_address>0xa979</load_address>
         <run_address>0xa979</run_address>
         <size>0x26</size>
         <input_file_ref idref="fl-2f"/>
      </object_component>
      <object_component id="oc-559">
         <name>.text:ADC_setInterruptSOCTrigger</name>
         <load_address>0xa99f</load_address>
         <run_address>0xa99f</run_address>
         <size>0x24</size>
         <input_file_ref idref="fl-2"/>
      </object_component>
      <object_component id="oc-52e">
         <name>.text:ADC_setOffsetTrimAll</name>
         <load_address>0xa9c3</load_address>
         <run_address>0xa9c3</run_address>
         <size>0x20</size>
         <input_file_ref idref="fl-14"/>
      </object_component>
      <object_component id="oc-553">
         <name>.text:ADC_setupSOC</name>
         <load_address>0xa9e3</load_address>
         <run_address>0xa9e3</run_address>
         <size>0x20</size>
         <input_file_ref idref="fl-2"/>
      </object_component>
      <object_component id="oc-482">
         <name>.text:Interrupt_initVectorTable</name>
         <load_address>0xaa03</load_address>
         <run_address>0xaa03</run_address>
         <size>0x1e</size>
         <input_file_ref idref="fl-29"/>
      </object_component>
      <object_component id="oc-41f">
         <name>.text:main</name>
         <load_address>0xaa21</load_address>
         <run_address>0xaa21</run_address>
         <size>0x1e</size>
         <input_file_ref idref="fl-2"/>
      </object_component>
      <object_component id="oc-311">
         <name>.text</name>
         <load_address>0xaa3f</load_address>
         <run_address>0xaa3f</run_address>
         <size>0x1d</size>
         <input_file_ref idref="fl-52"/>
      </object_component>
      <object_component id="oc-55f">
         <name>.text:ADC_setInterruptSource</name>
         <load_address>0xaa5c</load_address>
         <run_address>0xaa5c</run_address>
         <size>0x1c</size>
         <input_file_ref idref="fl-2"/>
      </object_component>
      <object_component id="oc-6b7">
         <name>.text:DCC_enableSingleShotMode</name>
         <load_address>0xaa78</load_address>
         <run_address>0xaa78</run_address>
         <size>0x1a</size>
         <input_file_ref idref="fl-2f"/>
      </object_component>
      <object_component id="oc-679">
         <name>.text:SysCtl_selectXTALSingleEnded</name>
         <load_address>0xaa92</load_address>
         <run_address>0xaa92</run_address>
         <size>0x1a</size>
         <input_file_ref idref="fl-2f"/>
      </object_component>
      <object_component id="oc-662">
         <name>.text:EPWM_setCounterCompareValue</name>
         <load_address>0xaaac</load_address>
         <run_address>0xaaac</run_address>
         <size>0x19</size>
         <input_file_ref idref="fl-1f"/>
      </object_component>
      <object_component id="oc-584">
         <name>.text:EPWM_setCounterCompareValue</name>
         <load_address>0xaac5</load_address>
         <run_address>0xaac5</run_address>
         <size>0x19</size>
         <input_file_ref idref="fl-2"/>
      </object_component>
      <object_component id="oc-5a9">
         <name>.text:SysCtl_disablePeripheral</name>
         <load_address>0xaade</load_address>
         <run_address>0xaade</run_address>
         <size>0x18</size>
         <input_file_ref idref="fl-2"/>
      </object_component>
      <object_component id="oc-56b">
         <name>.text:ADC_disableContinuousMode</name>
         <load_address>0xaaf6</load_address>
         <run_address>0xaaf6</run_address>
         <size>0x17</size>
         <input_file_ref idref="fl-2"/>
      </object_component>
      <object_component id="oc-5ff">
         <name>.text:SysCtl_enablePeripheral</name>
         <load_address>0xab0d</load_address>
         <run_address>0xab0d</run_address>
         <size>0x17</size>
         <input_file_ref idref="fl-3"/>
      </object_component>
      <object_component id="oc-5c1">
         <name>.text:SysCtl_enablePeripheral</name>
         <load_address>0xab24</load_address>
         <run_address>0xab24</run_address>
         <size>0x17</size>
         <input_file_ref idref="fl-2"/>
      </object_component>
      <object_component id="oc-681">
         <name>.text:SysCtl_enablePeripheral</name>
         <load_address>0xab3b</load_address>
         <run_address>0xab3b</run_address>
         <size>0x17</size>
         <input_file_ref idref="fl-2f"/>
      </object_component>
      <object_component id="oc-8d">
         <name>.text</name>
         <load_address>0xab52</load_address>
         <run_address>0xab52</run_address>
         <size>0x17</size>
         <input_file_ref idref="fl-46"/>
      </object_component>
      <object_component id="oc-565">
         <name>.text:ADC_enableInterrupt</name>
         <load_address>0xab69</load_address>
         <run_address>0xab69</run_address>
         <size>0x16</size>
         <input_file_ref idref="fl-2"/>
      </object_component>
      <object_component id="oc-4f3">
         <name>.text:GPIO_unlockPortConfig</name>
         <load_address>0xab7f</load_address>
         <run_address>0xab7f</run_address>
         <size>0x15</size>
         <input_file_ref idref="fl-3"/>
      </object_component>
      <object_component id="oc-6a5">
         <name>.text:DCC_setCounter0ClkSource</name>
         <load_address>0xab94</load_address>
         <run_address>0xab94</run_address>
         <size>0x14</size>
         <input_file_ref idref="fl-2f"/>
      </object_component>
      <object_component id="oc-6ab">
         <name>.text:DCC_setCounter1ClkSource</name>
         <load_address>0xaba8</load_address>
         <run_address>0xaba8</run_address>
         <size>0x14</size>
         <input_file_ref idref="fl-2f"/>
      </object_component>
      <object_component id="oc-650">
         <name>.text:EPWM_setPhaseShift</name>
         <load_address>0xabbc</load_address>
         <run_address>0xabbc</run_address>
         <size>0x14</size>
         <input_file_ref idref="fl-1f"/>
      </object_component>
      <object_component id="oc-5b5">
         <name>.text:EPWM_setPhaseShift</name>
         <load_address>0xabd0</load_address>
         <run_address>0xabd0</run_address>
         <size>0x14</size>
         <input_file_ref idref="fl-2"/>
      </object_component>
      <object_component id="oc-4df">
         <name>.text:SysCtl_deviceCal</name>
         <load_address>0xabe4</load_address>
         <run_address>0xabe4</run_address>
         <size>0x14</size>
         <input_file_ref idref="fl-3"/>
      </object_component>
      <object_component id="oc-628">
         <name>.text:SysCtl_deviceCal</name>
         <load_address>0xabf8</load_address>
         <run_address>0xabf8</run_address>
         <size>0x14</size>
         <input_file_ref idref="fl-2"/>
      </object_component>
      <object_component id="oc-34a">
         <name>.text:ADC_getInterruptOverflowStatus</name>
         <load_address>0xac0c</load_address>
         <run_address>0xac0c</run_address>
         <size>0x13</size>
         <input_file_ref idref="fl-2"/>
      </object_component>
      <object_component id="oc-488">
         <name>.text:PinMux_init</name>
         <load_address>0xac1f</load_address>
         <run_address>0xac1f</run_address>
         <size>0x13</size>
         <input_file_ref idref="fl-2"/>
      </object_component>
      <object_component id="oc-54d">
         <name>.text:ADC_setSOCPriority</name>
         <load_address>0xac32</load_address>
         <run_address>0xac32</run_address>
         <size>0x12</size>
         <input_file_ref idref="fl-2"/>
      </object_component>
      <object_component id="oc-572">
         <name>.text:EPWM_disableADCTrigger</name>
         <load_address>0xac44</load_address>
         <run_address>0xac44</run_address>
         <size>0x12</size>
         <input_file_ref idref="fl-2"/>
      </object_component>
      <object_component id="oc-59c">
         <name>.text:EPWM_enableADCTrigger</name>
         <load_address>0xac56</load_address>
         <run_address>0xac56</run_address>
         <size>0x12</size>
         <input_file_ref idref="fl-2"/>
      </object_component>
      <object_component id="oc-638">
         <name>.text:EPWM_setClockPrescaler</name>
         <load_address>0xac68</load_address>
         <run_address>0xac68</run_address>
         <size>0x12</size>
         <input_file_ref idref="fl-1f"/>
      </object_component>
      <object_component id="oc-590">
         <name>.text:EPWM_setClockPrescaler</name>
         <load_address>0xac7a</load_address>
         <run_address>0xac7a</run_address>
         <size>0x12</size>
         <input_file_ref idref="fl-2"/>
      </object_component>
      <object_component id="oc-470">
         <name>.text:Device_init</name>
         <load_address>0xac8c</load_address>
         <run_address>0xac8c</run_address>
         <size>0x11</size>
         <input_file_ref idref="fl-3"/>
      </object_component>
      <object_component id="oc-476">
         <name>.text:Device_initGPIO</name>
         <load_address>0xac9d</load_address>
         <run_address>0xac9d</run_address>
         <size>0x10</size>
         <input_file_ref idref="fl-3"/>
      </object_component>
      <object_component id="oc-361">
         <name>.text:Interrupt_register</name>
         <load_address>0xacad</load_address>
         <run_address>0xacad</run_address>
         <size>0xf</size>
         <input_file_ref idref="fl-2"/>
      </object_component>
      <object_component id="oc-4fb">
         <name>.text:Interrupt_defaultHandler</name>
         <load_address>0xacbc</load_address>
         <run_address>0xacbc</run_address>
         <size>0xe</size>
         <input_file_ref idref="fl-29"/>
      </object_component>
      <object_component id="oc-302">
         <name>.text:EMPTY_ISR</name>
         <load_address>0xacca</load_address>
         <run_address>0xacca</run_address>
         <size>0xd</size>
         <input_file_ref idref="fl-a"/>
      </object_component>
      <object_component id="oc-96">
         <name>.text:INTERRUPT_init</name>
         <load_address>0xacd7</load_address>
         <run_address>0xacd7</run_address>
         <size>0xd</size>
         <input_file_ref idref="fl-2"/>
      </object_component>
      <object_component id="oc-43b">
         <name>.text:Interrupt_disableMaster</name>
         <load_address>0xace4</load_address>
         <run_address>0xace4</run_address>
         <size>0xd</size>
         <input_file_ref idref="fl-29"/>
      </object_component>
      <object_component id="oc-441">
         <name>.text:Interrupt_enableMaster</name>
         <load_address>0xacf1</load_address>
         <run_address>0xacf1</run_address>
         <size>0xd</size>
         <input_file_ref idref="fl-29"/>
      </object_component>
      <object_component id="oc-4d9">
         <name>.text:SysCtl_setLowSpeedClock</name>
         <load_address>0xacfe</load_address>
         <run_address>0xacfe</run_address>
         <size>0xd</size>
         <input_file_ref idref="fl-3"/>
      </object_component>
      <object_component id="oc-319">
         <name>.text:decompress:ZI:__TI_zero_init_nomemset</name>
         <load_address>0xad0b</load_address>
         <run_address>0xad0b</run_address>
         <size>0xd</size>
         <input_file_ref idref="fl-4a"/>
      </object_component>
      <object_component id="oc-53a">
         <name>.text:ADC_setInterruptPulseMode</name>
         <load_address>0xad18</load_address>
         <run_address>0xad18</run_address>
         <size>0xc</size>
         <input_file_ref idref="fl-2"/>
      </object_component>
      <object_component id="oc-534">
         <name>.text:ADC_setPrescaler</name>
         <load_address>0xad24</load_address>
         <run_address>0xad24</run_address>
         <size>0xc</size>
         <input_file_ref idref="fl-2"/>
      </object_component>
      <object_component id="oc-527">
         <name>.text:ASysCtl_setAnalogReference1P65</name>
         <load_address>0xad30</load_address>
         <run_address>0xad30</run_address>
         <size>0xc</size>
         <input_file_ref idref="fl-2"/>
      </object_component>
      <object_component id="oc-69f">
         <name>.text:DCC_disableDoneSignal</name>
         <load_address>0xad3c</load_address>
         <run_address>0xad3c</run_address>
         <size>0xc</size>
         <input_file_ref idref="fl-2f"/>
      </object_component>
      <object_component id="oc-5ef">
         <name>.text:SysCtl_setPLLSysClk</name>
         <load_address>0xad48</load_address>
         <run_address>0xad48</run_address>
         <size>0xc</size>
         <input_file_ref idref="fl-2f"/>
      </object_component>
      <object_component id="oc-32c">
         <name>.text</name>
         <load_address>0xad54</load_address>
         <run_address>0xad54</run_address>
         <size>0xc</size>
         <input_file_ref idref="fl-4f"/>
      </object_component>
      <object_component id="oc-547">
         <name>.text:ADC_disableBurstMode</name>
         <load_address>0xad60</load_address>
         <run_address>0xad60</run_address>
         <size>0xb</size>
         <input_file_ref idref="fl-2"/>
      </object_component>
      <object_component id="oc-68d">
         <name>.text:DCC_clearDoneFlag</name>
         <load_address>0xad6b</load_address>
         <run_address>0xad6b</run_address>
         <size>0xb</size>
         <input_file_ref idref="fl-2f"/>
      </object_component>
      <object_component id="oc-687">
         <name>.text:DCC_clearErrorFlag</name>
         <load_address>0xad76</load_address>
         <run_address>0xad76</run_address>
         <size>0xb</size>
         <input_file_ref idref="fl-2f"/>
      </object_component>
      <object_component id="oc-699">
         <name>.text:DCC_disableErrorSignal</name>
         <load_address>0xad81</load_address>
         <run_address>0xad81</run_address>
         <size>0xb</size>
         <input_file_ref idref="fl-2f"/>
      </object_component>
      <object_component id="oc-693">
         <name>.text:DCC_disableModule</name>
         <load_address>0xad8c</load_address>
         <run_address>0xad8c</run_address>
         <size>0xb</size>
         <input_file_ref idref="fl-2f"/>
      </object_component>
      <object_component id="oc-6bd">
         <name>.text:DCC_enableModule</name>
         <load_address>0xad97</load_address>
         <run_address>0xad97</run_address>
         <size>0xb</size>
         <input_file_ref idref="fl-2f"/>
      </object_component>
      <object_component id="oc-5e3">
         <name>.text:SysCtl_isMCDClockFailureDetected</name>
         <load_address>0xada2</load_address>
         <run_address>0xada2</run_address>
         <size>0xb</size>
         <input_file_ref idref="fl-2f"/>
      </object_component>
      <object_component id="oc-128">
         <name>.text:ADCA1_ISR</name>
         <load_address>0xadad</load_address>
         <run_address>0xadad</run_address>
         <size>0xa</size>
         <input_file_ref idref="fl-a"/>
      </object_component>
      <object_component id="oc-23c">
         <name>.text:ADCA2_ISR</name>
         <load_address>0xadb7</load_address>
         <run_address>0xadb7</run_address>
         <size>0xa</size>
         <input_file_ref idref="fl-a"/>
      </object_component>
      <object_component id="oc-242">
         <name>.text:ADCA3_ISR</name>
         <load_address>0xadc1</load_address>
         <run_address>0xadc1</run_address>
         <size>0xa</size>
         <input_file_ref idref="fl-a"/>
      </object_component>
      <object_component id="oc-248">
         <name>.text:ADCA4_ISR</name>
         <load_address>0xadcb</load_address>
         <run_address>0xadcb</run_address>
         <size>0xa</size>
         <input_file_ref idref="fl-a"/>
      </object_component>
      <object_component id="oc-236">
         <name>.text:ADCA_EVT_ISR</name>
         <load_address>0xadd5</load_address>
         <run_address>0xadd5</run_address>
         <size>0xa</size>
         <input_file_ref idref="fl-a"/>
      </object_component>
      <object_component id="oc-12e">
         <name>.text:ADCC1_ISR</name>
         <load_address>0xaddf</load_address>
         <run_address>0xaddf</run_address>
         <size>0xa</size>
         <input_file_ref idref="fl-a"/>
      </object_component>
      <object_component id="oc-2d2">
         <name>.text:ADCC2_ISR</name>
         <load_address>0xade9</load_address>
         <run_address>0xade9</run_address>
         <size>0xa</size>
         <input_file_ref idref="fl-a"/>
      </object_component>
      <object_component id="oc-2d8">
         <name>.text:ADCC3_ISR</name>
         <load_address>0xadf3</load_address>
         <run_address>0xadf3</run_address>
         <size>0xa</size>
         <input_file_ref idref="fl-a"/>
      </object_component>
      <object_component id="oc-2de">
         <name>.text:ADCC4_ISR</name>
         <load_address>0xadfd</load_address>
         <run_address>0xadfd</run_address>
         <size>0xa</size>
         <input_file_ref idref="fl-a"/>
      </object_component>
      <object_component id="oc-2cc">
         <name>.text:ADCC_EVT_ISR</name>
         <load_address>0xae07</load_address>
         <run_address>0xae07</run_address>
         <size>0xa</size>
         <input_file_ref idref="fl-a"/>
      </object_component>
      <object_component id="oc-350">
         <name>.text:ADC_clearInterruptOverflowStatus</name>
         <load_address>0xae11</load_address>
         <run_address>0xae11</run_address>
         <size>0xa</size>
         <input_file_ref idref="fl-2"/>
      </object_component>
      <object_component id="oc-344">
         <name>.text:ADC_clearInterruptStatus</name>
         <load_address>0xae1b</load_address>
         <run_address>0xae1b</run_address>
         <size>0xa</size>
         <input_file_ref idref="fl-2"/>
      </object_component>
      <object_component id="oc-521">
         <name>.text:ASysCtl_setAnalogReferenceInternal</name>
         <load_address>0xae25</load_address>
         <run_address>0xae25</run_address>
         <size>0xa</size>
         <input_file_ref idref="fl-2"/>
      </object_component>
      <object_component id="oc-2c0">
         <name>.text:BGCRC_ISR</name>
         <load_address>0xae2f</load_address>
         <run_address>0xae2f</run_address>
         <size>0xa</size>
         <input_file_ref idref="fl-a"/>
      </object_component>
      <object_component id="oc-22a">
         <name>.text:CANA0_ISR</name>
         <load_address>0xae39</load_address>
         <run_address>0xae39</run_address>
         <size>0xa</size>
         <input_file_ref idref="fl-a"/>
      </object_component>
      <object_component id="oc-230">
         <name>.text:CANA1_ISR</name>
         <load_address>0xae43</load_address>
         <run_address>0xae43</run_address>
         <size>0xa</size>
         <input_file_ref idref="fl-a"/>
      </object_component>
      <object_component id="oc-1be">
         <name>.text:CLB1_ISR</name>
         <load_address>0xae4d</load_address>
         <run_address>0xae4d</run_address>
         <size>0xa</size>
         <input_file_ref idref="fl-a"/>
      </object_component>
      <object_component id="oc-1c4">
         <name>.text:CLB2_ISR</name>
         <load_address>0xae57</load_address>
         <run_address>0xae57</run_address>
         <size>0xa</size>
         <input_file_ref idref="fl-a"/>
      </object_component>
      <object_component id="oc-c2">
         <name>.text:DATALOG_ISR</name>
         <load_address>0xae61</load_address>
         <run_address>0xae61</run_address>
         <size>0xa</size>
         <input_file_ref idref="fl-a"/>
      </object_component>
      <object_component id="oc-296">
         <name>.text:DCC0_ISR</name>
         <load_address>0xae6b</load_address>
         <run_address>0xae6b</run_address>
         <size>0xa</size>
         <input_file_ref idref="fl-a"/>
      </object_component>
      <object_component id="oc-2ba">
         <name>.text:DCC1_ISR</name>
         <load_address>0xae75</load_address>
         <run_address>0xae75</run_address>
         <size>0xa</size>
         <input_file_ref idref="fl-a"/>
      </object_component>
      <object_component id="oc-1e2">
         <name>.text:DMA_CH1_ISR</name>
         <load_address>0xae7f</load_address>
         <run_address>0xae7f</run_address>
         <size>0xa</size>
         <input_file_ref idref="fl-a"/>
      </object_component>
      <object_component id="oc-1e8">
         <name>.text:DMA_CH2_ISR</name>
         <load_address>0xae89</load_address>
         <run_address>0xae89</run_address>
         <size>0xa</size>
         <input_file_ref idref="fl-a"/>
      </object_component>
      <object_component id="oc-1ee">
         <name>.text:DMA_CH3_ISR</name>
         <load_address>0xae93</load_address>
         <run_address>0xae93</run_address>
         <size>0xa</size>
         <input_file_ref idref="fl-a"/>
      </object_component>
      <object_component id="oc-1f4">
         <name>.text:DMA_CH4_ISR</name>
         <load_address>0xae9d</load_address>
         <run_address>0xae9d</run_address>
         <size>0xa</size>
         <input_file_ref idref="fl-a"/>
      </object_component>
      <object_component id="oc-1fa">
         <name>.text:DMA_CH5_ISR</name>
         <load_address>0xaea7</load_address>
         <run_address>0xaea7</run_address>
         <size>0xa</size>
         <input_file_ref idref="fl-a"/>
      </object_component>
      <object_component id="oc-200">
         <name>.text:DMA_CH6_ISR</name>
         <load_address>0xaeb1</load_address>
         <run_address>0xaeb1</run_address>
         <size>0xa</size>
         <input_file_ref idref="fl-a"/>
      </object_component>
      <object_component id="oc-1a0">
         <name>.text:ECAP1_ISR</name>
         <load_address>0xaebb</load_address>
         <run_address>0xaebb</run_address>
         <size>0xa</size>
         <input_file_ref idref="fl-a"/>
      </object_component>
      <object_component id="oc-1a6">
         <name>.text:ECAP2_ISR</name>
         <load_address>0xaec5</load_address>
         <run_address>0xaec5</run_address>
         <size>0xa</size>
         <input_file_ref idref="fl-a"/>
      </object_component>
      <object_component id="oc-278">
         <name>.text:ECAP3_2_ISR</name>
         <load_address>0xaecf</load_address>
         <run_address>0xaecf</run_address>
         <size>0xa</size>
         <input_file_ref idref="fl-a"/>
      </object_component>
      <object_component id="oc-1ac">
         <name>.text:ECAP3_ISR</name>
         <load_address>0xaed9</load_address>
         <run_address>0xaed9</run_address>
         <size>0xa</size>
         <input_file_ref idref="fl-a"/>
      </object_component>
      <object_component id="oc-ce">
         <name>.text:EMU_ISR</name>
         <load_address>0xaee3</load_address>
         <run_address>0xaee3</run_address>
         <size>0xa</size>
         <input_file_ref idref="fl-a"/>
      </object_component>
      <object_component id="oc-176">
         <name>.text:EPWM1_ISR</name>
         <load_address>0xaeed</load_address>
         <run_address>0xaeed</run_address>
         <size>0xa</size>
         <input_file_ref idref="fl-a"/>
      </object_component>
      <object_component id="oc-14c">
         <name>.text:EPWM1_TZ_ISR</name>
         <load_address>0xaef7</load_address>
         <run_address>0xaef7</run_address>
         <size>0xa</size>
         <input_file_ref idref="fl-a"/>
      </object_component>
      <object_component id="oc-17c">
         <name>.text:EPWM2_ISR</name>
         <load_address>0xaf01</load_address>
         <run_address>0xaf01</run_address>
         <size>0xa</size>
         <input_file_ref idref="fl-a"/>
      </object_component>
      <object_component id="oc-152">
         <name>.text:EPWM2_TZ_ISR</name>
         <load_address>0xaf0b</load_address>
         <run_address>0xaf0b</run_address>
         <size>0xa</size>
         <input_file_ref idref="fl-a"/>
      </object_component>
      <object_component id="oc-182">
         <name>.text:EPWM3_ISR</name>
         <load_address>0xaf15</load_address>
         <run_address>0xaf15</run_address>
         <size>0xa</size>
         <input_file_ref idref="fl-a"/>
      </object_component>
      <object_component id="oc-158">
         <name>.text:EPWM3_TZ_ISR</name>
         <load_address>0xaf1f</load_address>
         <run_address>0xaf1f</run_address>
         <size>0xa</size>
         <input_file_ref idref="fl-a"/>
      </object_component>
      <object_component id="oc-188">
         <name>.text:EPWM4_ISR</name>
         <load_address>0xaf29</load_address>
         <run_address>0xaf29</run_address>
         <size>0xa</size>
         <input_file_ref idref="fl-a"/>
      </object_component>
      <object_component id="oc-15e">
         <name>.text:EPWM4_TZ_ISR</name>
         <load_address>0xaf33</load_address>
         <run_address>0xaf33</run_address>
         <size>0xa</size>
         <input_file_ref idref="fl-a"/>
      </object_component>
      <object_component id="oc-18e">
         <name>.text:EPWM5_ISR</name>
         <load_address>0xaf3d</load_address>
         <run_address>0xaf3d</run_address>
         <size>0xa</size>
         <input_file_ref idref="fl-a"/>
      </object_component>
      <object_component id="oc-164">
         <name>.text:EPWM5_TZ_ISR</name>
         <load_address>0xaf47</load_address>
         <run_address>0xaf47</run_address>
         <size>0xa</size>
         <input_file_ref idref="fl-a"/>
      </object_component>
      <object_component id="oc-194">
         <name>.text:EPWM6_ISR</name>
         <load_address>0xaf51</load_address>
         <run_address>0xaf51</run_address>
         <size>0xa</size>
         <input_file_ref idref="fl-a"/>
      </object_component>
      <object_component id="oc-16a">
         <name>.text:EPWM6_TZ_ISR</name>
         <load_address>0xaf5b</load_address>
         <run_address>0xaf5b</run_address>
         <size>0xa</size>
         <input_file_ref idref="fl-a"/>
      </object_component>
      <object_component id="oc-19a">
         <name>.text:EPWM7_ISR</name>
         <load_address>0xaf65</load_address>
         <run_address>0xaf65</run_address>
         <size>0xa</size>
         <input_file_ref idref="fl-a"/>
      </object_component>
      <object_component id="oc-170">
         <name>.text:EPWM7_TZ_ISR</name>
         <load_address>0xaf6f</load_address>
         <run_address>0xaf6f</run_address>
         <size>0xa</size>
         <input_file_ref idref="fl-a"/>
      </object_component>
      <object_component id="oc-5bb">
         <name>.text:EPWM_enableSyncOutPulseSource</name>
         <load_address>0xaf79</load_address>
         <run_address>0xaf79</run_address>
         <size>0xa</size>
         <input_file_ref idref="fl-2"/>
      </object_component>
      <object_component id="oc-63e">
         <name>.text:EPWM_setTimeBaseCounterMode</name>
         <load_address>0xaf83</load_address>
         <run_address>0xaf83</run_address>
         <size>0xa</size>
         <input_file_ref idref="fl-1f"/>
      </object_component>
      <object_component id="oc-596">
         <name>.text:EPWM_setTimeBaseCounterMode</name>
         <load_address>0xaf8d</load_address>
         <run_address>0xaf8d</run_address>
         <size>0xa</size>
         <input_file_ref idref="fl-2"/>
      </object_component>
      <object_component id="oc-644">
         <name>.text:EPWM_setTimeBasePeriod</name>
         <load_address>0xaf97</load_address>
         <run_address>0xaf97</run_address>
         <size>0xa</size>
         <input_file_ref idref="fl-1f"/>
      </object_component>
      <object_component id="oc-58a">
         <name>.text:EPWM_setTimeBasePeriod</name>
         <load_address>0xafa1</load_address>
         <run_address>0xafa1</run_address>
         <size>0xa</size>
         <input_file_ref idref="fl-2"/>
      </object_component>
      <object_component id="oc-1b2">
         <name>.text:EQEP1_ISR</name>
         <load_address>0xafab</load_address>
         <run_address>0xafab</run_address>
         <size>0xa</size>
         <input_file_ref idref="fl-a"/>
      </object_component>
      <object_component id="oc-1b8">
         <name>.text:EQEP2_ISR</name>
         <load_address>0xafb5</load_address>
         <run_address>0xafb5</run_address>
         <size>0xa</size>
         <input_file_ref idref="fl-a"/>
      </object_component>
      <object_component id="oc-2ea">
         <name>.text:FLASH_CORR_ERR_ISR</name>
         <load_address>0xafbf</load_address>
         <run_address>0xafbf</run_address>
         <size>0xa</size>
         <input_file_ref idref="fl-a"/>
      </object_component>
      <object_component id="oc-266">
         <name>.text:FMC_ISR</name>
         <load_address>0xafc9</load_address>
         <run_address>0xafc9</run_address>
         <size>0xa</size>
         <input_file_ref idref="fl-a"/>
      </object_component>
      <object_component id="oc-26c">
         <name>.text:FPU_OVERFLOW_ISR</name>
         <load_address>0xafd3</load_address>
         <run_address>0xafd3</run_address>
         <size>0xa</size>
         <input_file_ref idref="fl-a"/>
      </object_component>
      <object_component id="oc-272">
         <name>.text:FPU_UNDERFLOW_ISR</name>
         <load_address>0xafdd</load_address>
         <run_address>0xafdd</run_address>
         <size>0xa</size>
         <input_file_ref idref="fl-a"/>
      </object_component>
      <object_component id="oc-28a">
         <name>.text:FSIRXA1_ISR</name>
         <load_address>0xafe7</load_address>
         <run_address>0xafe7</run_address>
         <size>0xa</size>
         <input_file_ref idref="fl-a"/>
      </object_component>
      <object_component id="oc-290">
         <name>.text:FSIRXA2_ISR</name>
         <load_address>0xaff1</load_address>
         <run_address>0xaff1</run_address>
         <size>0xa</size>
         <input_file_ref idref="fl-a"/>
      </object_component>
      <object_component id="oc-27e">
         <name>.text:FSITXA1_ISR</name>
         <load_address>0xaffb</load_address>
         <run_address>0xaffb</run_address>
         <size>0xa</size>
         <input_file_ref idref="fl-a"/>
      </object_component>
      <object_component id="oc-284">
         <name>.text:FSITXA2_ISR</name>
         <load_address>0xb005</load_address>
         <run_address>0xb005</run_address>
         <size>0xa</size>
         <input_file_ref idref="fl-a"/>
      </object_component>
      <object_component id="oc-2c6">
         <name>.text:HICA_ISR</name>
         <load_address>0xb00f</load_address>
         <run_address>0xb00f</run_address>
         <size>0xa</size>
         <input_file_ref idref="fl-a"/>
      </object_component>
      <object_component id="oc-20c">
         <name>.text:I2CA_FIFO_ISR</name>
         <load_address>0xb019</load_address>
         <run_address>0xb019</run_address>
         <size>0xa</size>
         <input_file_ref idref="fl-a"/>
      </object_component>
      <object_component id="oc-206">
         <name>.text:I2CA_ISR</name>
         <load_address>0xb023</load_address>
         <run_address>0xb023</run_address>
         <size>0xa</size>
         <input_file_ref idref="fl-a"/>
      </object_component>
      <object_component id="oc-218">
         <name>.text:I2CB_FIFO_ISR</name>
         <load_address>0xb02d</load_address>
         <run_address>0xb02d</run_address>
         <size>0xa</size>
         <input_file_ref idref="fl-a"/>
      </object_component>
      <object_component id="oc-212">
         <name>.text:I2CB_ISR</name>
         <load_address>0xb037</load_address>
         <run_address>0xb037</run_address>
         <size>0xa</size>
         <input_file_ref idref="fl-a"/>
      </object_component>
      <object_component id="oc-da">
         <name>.text:ILLEGAL_ISR</name>
         <load_address>0xb041</load_address>
         <run_address>0xb041</run_address>
         <size>0xa</size>
         <input_file_ref idref="fl-a"/>
      </object_component>
      <object_component id="oc-29c">
         <name>.text:LINA_0_ISR</name>
         <load_address>0xb04b</load_address>
         <run_address>0xb04b</run_address>
         <size>0xa</size>
         <input_file_ref idref="fl-a"/>
      </object_component>
      <object_component id="oc-2a2">
         <name>.text:LINA_1_ISR</name>
         <load_address>0xb055</load_address>
         <run_address>0xb055</run_address>
         <size>0xa</size>
         <input_file_ref idref="fl-a"/>
      </object_component>
      <object_component id="oc-2a8">
         <name>.text:LINB_0_ISR</name>
         <load_address>0xb05f</load_address>
         <run_address>0xb05f</run_address>
         <size>0xa</size>
         <input_file_ref idref="fl-a"/>
      </object_component>
      <object_component id="oc-2ae">
         <name>.text:LINB_1_ISR</name>
         <load_address>0xb069</load_address>
         <run_address>0xb069</run_address>
         <size>0xa</size>
         <input_file_ref idref="fl-a"/>
      </object_component>
      <object_component id="oc-260">
         <name>.text:MPOST_ISR</name>
         <load_address>0xb073</load_address>
         <run_address>0xb073</run_address>
         <size>0xa</size>
         <input_file_ref idref="fl-a"/>
      </object_component>
      <object_component id="oc-d4">
         <name>.text:NMI_ISR</name>
         <load_address>0xb07d</load_address>
         <run_address>0xb07d</run_address>
         <size>0xa</size>
         <input_file_ref idref="fl-a"/>
      </object_component>
      <object_component id="oc-308">
         <name>.text:NOTUSED_ISR</name>
         <load_address>0xb087</load_address>
         <run_address>0xb087</run_address>
         <size>0xa</size>
         <input_file_ref idref="fl-a"/>
      </object_component>
      <object_component id="oc-2fc">
         <name>.text:PIE_RESERVED_ISR</name>
         <load_address>0xb091</load_address>
         <run_address>0xb091</run_address>
         <size>0xa</size>
         <input_file_ref idref="fl-a"/>
      </object_component>
      <object_component id="oc-2b4">
         <name>.text:PMBUSA_ISR</name>
         <load_address>0xb09b</load_address>
         <run_address>0xb09b</run_address>
         <size>0xa</size>
         <input_file_ref idref="fl-a"/>
      </object_component>
      <object_component id="oc-2f0">
         <name>.text:RAM_ACC_VIOL_ISR</name>
         <load_address>0xb0a5</load_address>
         <run_address>0xb0a5</run_address>
         <size>0xa</size>
         <input_file_ref idref="fl-a"/>
      </object_component>
      <object_component id="oc-2e4">
         <name>.text:RAM_CORR_ERR_ISR</name>
         <load_address>0xb0af</load_address>
         <run_address>0xb0af</run_address>
         <size>0xa</size>
         <input_file_ref idref="fl-a"/>
      </object_component>
      <object_component id="oc-c8">
         <name>.text:RTOS_ISR</name>
         <load_address>0xb0b9</load_address>
         <run_address>0xb0b9</run_address>
         <size>0xa</size>
         <input_file_ref idref="fl-a"/>
      </object_component>
      <object_component id="oc-21e">
         <name>.text:SCIA_RX_ISR</name>
         <load_address>0xb0c3</load_address>
         <run_address>0xb0c3</run_address>
         <size>0xa</size>
         <input_file_ref idref="fl-a"/>
      </object_component>
      <object_component id="oc-224">
         <name>.text:SCIA_TX_ISR</name>
         <load_address>0xb0cd</load_address>
         <run_address>0xb0cd</run_address>
         <size>0xa</size>
         <input_file_ref idref="fl-a"/>
      </object_component>
      <object_component id="oc-1ca">
         <name>.text:SPIA_RX_ISR</name>
         <load_address>0xb0d7</load_address>
         <run_address>0xb0d7</run_address>
         <size>0xa</size>
         <input_file_ref idref="fl-a"/>
      </object_component>
      <object_component id="oc-1d0">
         <name>.text:SPIA_TX_ISR</name>
         <load_address>0xb0e1</load_address>
         <run_address>0xb0e1</run_address>
         <size>0xa</size>
         <input_file_ref idref="fl-a"/>
      </object_component>
      <object_component id="oc-1d6">
         <name>.text:SPIB_RX_ISR</name>
         <load_address>0xb0eb</load_address>
         <run_address>0xb0eb</run_address>
         <size>0xa</size>
         <input_file_ref idref="fl-a"/>
      </object_component>
      <object_component id="oc-1dc">
         <name>.text:SPIB_TX_ISR</name>
         <load_address>0xb0f5</load_address>
         <run_address>0xb0f5</run_address>
         <size>0xa</size>
         <input_file_ref idref="fl-a"/>
      </object_component>
      <object_component id="oc-2f6">
         <name>.text:SYS_PLL_SLIP_ISR</name>
         <load_address>0xb0ff</load_address>
         <run_address>0xb0ff</run_address>
         <size>0xa</size>
         <input_file_ref idref="fl-a"/>
      </object_component>
      <object_component id="oc-140">
         <name>.text:TIMER0_ISR</name>
         <load_address>0xb109</load_address>
         <run_address>0xb109</run_address>
         <size>0xa</size>
         <input_file_ref idref="fl-a"/>
      </object_component>
      <object_component id="oc-b3">
         <name>.text:TIMER1_ISR</name>
         <load_address>0xb113</load_address>
         <run_address>0xb113</run_address>
         <size>0xa</size>
         <input_file_ref idref="fl-a"/>
      </object_component>
      <object_component id="oc-bc">
         <name>.text:TIMER2_ISR</name>
         <load_address>0xb11d</load_address>
         <run_address>0xb11d</run_address>
         <size>0xa</size>
         <input_file_ref idref="fl-a"/>
      </object_component>
      <object_component id="oc-116">
         <name>.text:USER10_ISR</name>
         <load_address>0xb127</load_address>
         <run_address>0xb127</run_address>
         <size>0xa</size>
         <input_file_ref idref="fl-a"/>
      </object_component>
      <object_component id="oc-11c">
         <name>.text:USER11_ISR</name>
         <load_address>0xb131</load_address>
         <run_address>0xb131</run_address>
         <size>0xa</size>
         <input_file_ref idref="fl-a"/>
      </object_component>
      <object_component id="oc-122">
         <name>.text:USER12_ISR</name>
         <load_address>0xb13b</load_address>
         <run_address>0xb13b</run_address>
         <size>0xa</size>
         <input_file_ref idref="fl-a"/>
      </object_component>
      <object_component id="oc-e0">
         <name>.text:USER1_ISR</name>
         <load_address>0xb145</load_address>
         <run_address>0xb145</run_address>
         <size>0xa</size>
         <input_file_ref idref="fl-a"/>
      </object_component>
      <object_component id="oc-e6">
         <name>.text:USER2_ISR</name>
         <load_address>0xb14f</load_address>
         <run_address>0xb14f</run_address>
         <size>0xa</size>
         <input_file_ref idref="fl-a"/>
      </object_component>
      <object_component id="oc-ec">
         <name>.text:USER3_ISR</name>
         <load_address>0xb159</load_address>
         <run_address>0xb159</run_address>
         <size>0xa</size>
         <input_file_ref idref="fl-a"/>
      </object_component>
      <object_component id="oc-f2">
         <name>.text:USER4_ISR</name>
         <load_address>0xb163</load_address>
         <run_address>0xb163</run_address>
         <size>0xa</size>
         <input_file_ref idref="fl-a"/>
      </object_component>
      <object_component id="oc-f8">
         <name>.text:USER5_ISR</name>
         <load_address>0xb16d</load_address>
         <run_address>0xb16d</run_address>
         <size>0xa</size>
         <input_file_ref idref="fl-a"/>
      </object_component>
      <object_component id="oc-fe">
         <name>.text:USER6_ISR</name>
         <load_address>0xb177</load_address>
         <run_address>0xb177</run_address>
         <size>0xa</size>
         <input_file_ref idref="fl-a"/>
      </object_component>
      <object_component id="oc-104">
         <name>.text:USER7_ISR</name>
         <load_address>0xb181</load_address>
         <run_address>0xb181</run_address>
         <size>0xa</size>
         <input_file_ref idref="fl-a"/>
      </object_component>
      <object_component id="oc-10a">
         <name>.text:USER8_ISR</name>
         <load_address>0xb18b</load_address>
         <run_address>0xb18b</run_address>
         <size>0xa</size>
         <input_file_ref idref="fl-a"/>
      </object_component>
      <object_component id="oc-110">
         <name>.text:USER9_ISR</name>
         <load_address>0xb195</load_address>
         <run_address>0xb195</run_address>
         <size>0xa</size>
         <input_file_ref idref="fl-a"/>
      </object_component>
      <object_component id="oc-146">
         <name>.text:WAKE_ISR</name>
         <load_address>0xb19f</load_address>
         <run_address>0xb19f</run_address>
         <size>0xa</size>
         <input_file_ref idref="fl-a"/>
      </object_component>
      <object_component id="oc-134">
         <name>.text:XINT1_ISR</name>
         <load_address>0xb1a9</load_address>
         <run_address>0xb1a9</run_address>
         <size>0xa</size>
         <input_file_ref idref="fl-a"/>
      </object_component>
      <object_component id="oc-13a">
         <name>.text:XINT2_ISR</name>
         <load_address>0xb1b3</load_address>
         <run_address>0xb1b3</run_address>
         <size>0xa</size>
         <input_file_ref idref="fl-a"/>
      </object_component>
      <object_component id="oc-24e">
         <name>.text:XINT3_ISR</name>
         <load_address>0xb1bd</load_address>
         <run_address>0xb1bd</run_address>
         <size>0xa</size>
         <input_file_ref idref="fl-a"/>
      </object_component>
      <object_component id="oc-254">
         <name>.text:XINT4_ISR</name>
         <load_address>0xb1c7</load_address>
         <run_address>0xb1c7</run_address>
         <size>0xa</size>
         <input_file_ref idref="fl-a"/>
      </object_component>
      <object_component id="oc-25a">
         <name>.text:XINT5_ISR</name>
         <load_address>0xb1d1</load_address>
         <run_address>0xb1d1</run_address>
         <size>0xa</size>
         <input_file_ref idref="fl-a"/>
      </object_component>
      <object_component id="oc-540">
         <name>.text:ADC_enableConverter</name>
         <load_address>0xb1db</load_address>
         <run_address>0xb1db</run_address>
         <size>0x9</size>
         <input_file_ref idref="fl-2"/>
      </object_component>
      <object_component id="oc-48e">
         <name>.text:ASYSCTL_init</name>
         <load_address>0xb1e4</load_address>
         <run_address>0xb1e4</run_address>
         <size>0x9</size>
         <input_file_ref idref="fl-2"/>
      </object_component>
      <object_component id="oc-4b2">
         <name>.text</name>
         <load_address>0xb1ed</load_address>
         <run_address>0xb1ed</run_address>
         <size>0x9</size>
         <input_file_ref idref="fl-4e"/>
      </object_component>
      <object_component id="oc-339">
         <name>.text:ADC_readResult</name>
         <load_address>0xb1f6</load_address>
         <run_address>0xb1f6</run_address>
         <size>0x8</size>
         <input_file_ref idref="fl-2"/>
      </object_component>
      <object_component id="oc-656">
         <name>.text:EPWM_setTimeBaseCounter</name>
         <load_address>0xb1fe</load_address>
         <run_address>0xb1fe</run_address>
         <size>0x8</size>
         <input_file_ref idref="fl-1f"/>
      </object_component>
      <object_component id="oc-4cd">
         <name>.text:SysCtl_disableWatchdog</name>
         <load_address>0xb206</load_address>
         <run_address>0xb206</run_address>
         <size>0x8</size>
         <input_file_ref idref="fl-3"/>
      </object_component>
      <object_component id="oc-86">
         <name>.text:decompress:none</name>
         <load_address>0xb20e</load_address>
         <run_address>0xb20e</run_address>
         <size>0x8</size>
         <input_file_ref idref="fl-4b"/>
      </object_component>
      <object_component id="oc-36e">
         <name>.text</name>
         <load_address>0xb216</load_address>
         <run_address>0xb216</run_address>
         <size>0x8</size>
         <input_file_ref idref="fl-5"/>
      </object_component>
      <object_component id="oc-51b">
         <name>.text:ASysCtl_disableTemperatureSensor</name>
         <load_address>0xb21e</load_address>
         <run_address>0xb21e</run_address>
         <size>0x7</size>
         <input_file_ref idref="fl-2"/>
      </object_component>
      <object_component id="oc-4eb">
         <name>.text:ASysCtl_lockVREG</name>
         <load_address>0xb225</load_address>
         <run_address>0xb225</run_address>
         <size>0x7</size>
         <input_file_ref idref="fl-3"/>
      </object_component>
      <object_component id="oc-64a">
         <name>.text:EPWM_disablePhaseShiftLoad</name>
         <load_address>0xb22c</load_address>
         <run_address>0xb22c</run_address>
         <size>0x7</size>
         <input_file_ref idref="fl-1f"/>
      </object_component>
      <object_component id="oc-5af">
         <name>.text:EPWM_disablePhaseShiftLoad</name>
         <load_address>0xb233</load_address>
         <run_address>0xb233</run_address>
         <size>0x7</size>
         <input_file_ref idref="fl-2"/>
      </object_component>
      <object_component id="oc-6e1">
         <name>.text:SysCtl_resetMCD</name>
         <load_address>0xb23a</load_address>
         <run_address>0xb23a</run_address>
         <size>0x7</size>
         <input_file_ref idref="fl-2f"/>
      </object_component>
      <object_component id="oc-356">
         <name>.text:Interrupt_clearACKGroup</name>
         <load_address>0xb241</load_address>
         <run_address>0xb241</run_address>
         <size>0x6</size>
         <input_file_ref idref="fl-2"/>
      </object_component>
      <object_component id="oc-507">
         <name>.text:Interrupt_illegalOperationHandler</name>
         <load_address>0xb247</load_address>
         <run_address>0xb247</run_address>
         <size>0x2</size>
         <input_file_ref idref="fl-29"/>
      </object_component>
      <object_component id="oc-501">
         <name>.text:Interrupt_nmiHandler</name>
         <load_address>0xb249</load_address>
         <run_address>0xb249</run_address>
         <size>0x2</size>
         <input_file_ref idref="fl-29"/>
      </object_component>
      <object_component id="oc-325">
         <name>.text</name>
         <load_address>0xb24b</load_address>
         <run_address>0xb24b</run_address>
         <size>0x2</size>
         <input_file_ref idref="fl-48"/>
      </object_component>
      <object_component id="oc-45b">
         <name>.text</name>
         <load_address>0xb24d</load_address>
         <run_address>0xb24d</run_address>
         <size>0x1</size>
         <input_file_ref idref="fl-53"/>
      </object_component>
      <object_component id="oc-546">
         <name>.TI.ramfunc</name>
         <load_address>0x128</load_address>
         <run_address>0x128</run_address>
         <size>0x4</size>
         <input_file_ref idref="fl-2f"/>
      </object_component>
      <object_component id="oc-7aa">
         <name>.cinit..data.load</name>
         <load_address>0x12c</load_address>
         <run_address>0x12c</run_address>
         <size>0x9</size>
      </object_component>
      <object_component id="oc-7a7">
         <name>__TI_handler_table</name>
         <load_address>0x136</load_address>
         <run_address>0x136</run_address>
         <size>0x6</size>
      </object_component>
      <object_component id="oc-7a9">
         <name>.cinit..bss.load</name>
         <load_address>0x13c</load_address>
         <run_address>0x13c</run_address>
         <size>0x4</size>
      </object_component>
      <object_component id="oc-7a8">
         <name>__TI_cinit_table</name>
         <load_address>0x140</load_address>
         <run_address>0x140</run_address>
         <size>0x8</size>
      </object_component>
      <object_component id="oc-9e">
         <name>codestart</name>
         <load_address>0x0</load_address>
         <run_address>0x0</run_address>
         <size>0x2</size>
         <input_file_ref idref="fl-5"/>
      </object_component>
      <object_component id="oc-30e">
         <name>.stack</name>
         <uninitialized>true</uninitialized>
         <run_address>0x400</run_address>
         <size>0x0</size>
         <input_file_ref idref="fl-46"/>
      </object_component>
      <object_component id="oc-7ab">
         <name>.stack</name>
         <uninitialized>true</uninitialized>
         <run_address>0x400</run_address>
         <size>0x0</size>
      </object_component>
      <object_component id="oc-35c">
         <name>.bss</name>
         <uninitialized>true</uninitialized>
         <run_address>0xb24e</run_address>
         <size>0x4</size>
         <input_file_ref idref="fl-2"/>
      </object_component>
      <object_component id="oc-b9">
         <name>.const</name>
         <load_address>0xc000</load_address>
         <run_address>0xc000</run_address>
         <size>0x1c0</size>
         <input_file_ref idref="fl-f"/>
      </object_component>
      <object_component id="oc-5cb">
         <name>.const</name>
         <load_address>0xc1c0</load_address>
         <run_address>0xc1c0</run_address>
         <size>0xe</size>
         <input_file_ref idref="fl-2"/>
      </object_component>
      <object_component id="oc-5c8">
         <name>.data</name>
         <load_address>0xb25c</load_address>
         <run_address>0xb25c</run_address>
         <size>0x2</size>
         <input_file_ref idref="fl-2"/>
      </object_component>
      <object_component id="oc-427">
         <name>.data</name>
         <load_address>0xb252</load_address>
         <run_address>0xb252</run_address>
         <size>0x6</size>
         <input_file_ref idref="fl-4d"/>
      </object_component>
      <object_component id="oc-42a">
         <name>.data:_lock</name>
         <load_address>0xb258</load_address>
         <run_address>0xb258</run_address>
         <size>0x2</size>
         <input_file_ref idref="fl-4e"/>
      </object_component>
      <object_component id="oc-5d5">
         <name>.data:_unlock</name>
         <load_address>0xb25a</load_address>
         <run_address>0xb25a</run_address>
         <size>0x2</size>
         <input_file_ref idref="fl-4e"/>
      </object_component>
      <object_component id="oc-360">
         <name>.debug_types</name>
         <load_address>0x0</load_address>
         <run_address>0x0</run_address>
         <size>0x2448</size>
         <input_file_ref idref="fl-2"/>
      </object_component>
      <object_component id="oc-4f2">
         <name>.debug_types</name>
         <load_address>0x2448</load_address>
         <run_address>0x2448</run_address>
         <size>0x286</size>
         <input_file_ref idref="fl-3"/>
      </object_component>
      <object_component id="oc-375">
         <name>.debug_types</name>
         <load_address>0x0</load_address>
         <run_address>0x0</run_address>
         <size>0x0</size>
         <input_file_ref idref="fl-a"/>
      </object_component>
      <object_component id="oc-378">
         <name>.debug_types</name>
         <load_address>0x26ce</load_address>
         <run_address>0x26ce</run_address>
         <size>0x5232</size>
         <input_file_ref idref="fl-f"/>
      </object_component>
      <object_component id="oc-615">
         <name>.debug_types</name>
         <load_address>0x7900</load_address>
         <run_address>0x7900</run_address>
         <size>0x17c</size>
         <input_file_ref idref="fl-14"/>
      </object_component>
      <object_component id="oc-66f">
         <name>.debug_types</name>
         <load_address>0x7a7c</load_address>
         <run_address>0x7a7c</run_address>
         <size>0x60a</size>
         <input_file_ref idref="fl-1f"/>
      </object_component>
      <object_component id="oc-60f">
         <name>.debug_types</name>
         <load_address>0x8086</load_address>
         <run_address>0x8086</run_address>
         <size>0x3a7</size>
         <input_file_ref idref="fl-24"/>
      </object_component>
      <object_component id="oc-448">
         <name>.debug_types</name>
         <load_address>0x842d</load_address>
         <run_address>0x842d</run_address>
         <size>0x70</size>
         <input_file_ref idref="fl-29"/>
      </object_component>
      <object_component id="oc-5fc">
         <name>.debug_types</name>
         <load_address>0x849d</load_address>
         <run_address>0x849d</run_address>
         <size>0x97d</size>
         <input_file_ref idref="fl-2f"/>
      </object_component>
      <object_component id="oc-3ee">
         <name>.debug_types</name>
         <load_address>0x0</load_address>
         <run_address>0x0</run_address>
         <size>0x0</size>
         <input_file_ref idref="fl-48"/>
      </object_component>
      <object_component id="oc-462">
         <name>.debug_types</name>
         <load_address>0x8e1a</load_address>
         <run_address>0x8e1a</run_address>
         <size>0x4ca</size>
         <input_file_ref idref="fl-49"/>
      </object_component>
      <object_component id="oc-3e5">
         <name>.debug_types</name>
         <load_address>0x92e4</load_address>
         <run_address>0x92e4</run_address>
         <size>0x1f3</size>
         <input_file_ref idref="fl-4a"/>
      </object_component>
      <object_component id="oc-318">
         <name>.debug_types</name>
         <load_address>0x0</load_address>
         <run_address>0x0</run_address>
         <size>0x0</size>
         <input_file_ref idref="fl-4b"/>
      </object_component>
      <object_component id="oc-310">
         <name>.debug_types</name>
         <load_address>0x94d7</load_address>
         <run_address>0x94d7</run_address>
         <size>0x191</size>
         <input_file_ref idref="fl-4c"/>
      </object_component>
      <object_component id="oc-42e">
         <name>.debug_types</name>
         <load_address>0x9668</load_address>
         <run_address>0x9668</run_address>
         <size>0xbf</size>
         <input_file_ref idref="fl-4d"/>
      </object_component>
      <object_component id="oc-4ba">
         <name>.debug_types</name>
         <load_address>0x9727</load_address>
         <run_address>0x9727</run_address>
         <size>0x2f</size>
         <input_file_ref idref="fl-4e"/>
      </object_component>
      <object_component id="oc-426">
         <name>.debug_types</name>
         <load_address>0x9756</load_address>
         <run_address>0x9756</run_address>
         <size>0xe1</size>
         <input_file_ref idref="fl-4f"/>
      </object_component>
      <object_component id="oc-3e0">
         <name>.debug_types</name>
         <load_address>0x9837</load_address>
         <run_address>0x9837</run_address>
         <size>0xb8</size>
         <input_file_ref idref="fl-52"/>
      </object_component>
      <object_component id="oc-4c7">
         <name>.debug_types</name>
         <load_address>0x0</load_address>
         <run_address>0x0</run_address>
         <size>0x0</size>
         <input_file_ref idref="fl-53"/>
      </object_component>
      <object_component id="oc-35d">
         <name>.debug_info</name>
         <load_address>0x0</load_address>
         <run_address>0x0</run_address>
         <size>0x135</size>
         <input_file_ref idref="fl-2"/>
      </object_component>
      <object_component id="oc-5c9">
         <name>.debug_info</name>
         <load_address>0x135</load_address>
         <run_address>0x135</run_address>
         <size>0x107</size>
         <input_file_ref idref="fl-2"/>
      </object_component>
      <object_component id="oc-5cc">
         <name>.debug_info</name>
         <load_address>0x23c</load_address>
         <run_address>0x23c</run_address>
         <size>0x107</size>
         <input_file_ref idref="fl-2"/>
      </object_component>
      <object_component id="oc-536">
         <name>.debug_info</name>
         <load_address>0x343</load_address>
         <run_address>0x343</run_address>
         <size>0x1e6</size>
         <input_file_ref idref="fl-2"/>
      </object_component>
      <object_component id="oc-554">
         <name>.debug_info</name>
         <load_address>0x529</load_address>
         <run_address>0x529</run_address>
         <size>0x245</size>
         <input_file_ref idref="fl-2"/>
      </object_component>
      <object_component id="oc-55b">
         <name>.debug_info</name>
         <load_address>0x76e</load_address>
         <run_address>0x76e</run_address>
         <size>0x232</size>
         <input_file_ref idref="fl-2"/>
      </object_component>
      <object_component id="oc-53c">
         <name>.debug_info</name>
         <load_address>0x9a0</load_address>
         <run_address>0x9a0</run_address>
         <size>0x1f4</size>
         <input_file_ref idref="fl-2"/>
      </object_component>
      <object_component id="oc-542">
         <name>.debug_info</name>
         <load_address>0xb94</load_address>
         <run_address>0xb94</run_address>
         <size>0x1bd</size>
         <input_file_ref idref="fl-2"/>
      </object_component>
      <object_component id="oc-346">
         <name>.debug_info</name>
         <load_address>0xd51</load_address>
         <run_address>0xd51</run_address>
         <size>0x1f2</size>
         <input_file_ref idref="fl-2"/>
      </object_component>
      <object_component id="oc-34c">
         <name>.debug_info</name>
         <load_address>0xf43</load_address>
         <run_address>0xf43</run_address>
         <size>0x206</size>
         <input_file_ref idref="fl-2"/>
      </object_component>
      <object_component id="oc-352">
         <name>.debug_info</name>
         <load_address>0x1149</load_address>
         <run_address>0x1149</run_address>
         <size>0x202</size>
         <input_file_ref idref="fl-2"/>
      </object_component>
      <object_component id="oc-33a">
         <name>.debug_info</name>
         <load_address>0x134b</load_address>
         <run_address>0x134b</run_address>
         <size>0x1f2</size>
         <input_file_ref idref="fl-2"/>
      </object_component>
      <object_component id="oc-548">
         <name>.debug_info</name>
         <load_address>0x153d</load_address>
         <run_address>0x153d</run_address>
         <size>0x1bf</size>
         <input_file_ref idref="fl-2"/>
      </object_component>
      <object_component id="oc-54e">
         <name>.debug_info</name>
         <load_address>0x16fc</load_address>
         <run_address>0x16fc</run_address>
         <size>0x1e2</size>
         <input_file_ref idref="fl-2"/>
      </object_component>
      <object_component id="oc-566">
         <name>.debug_info</name>
         <load_address>0x18de</load_address>
         <run_address>0x18de</run_address>
         <size>0x214</size>
         <input_file_ref idref="fl-2"/>
      </object_component>
      <object_component id="oc-560">
         <name>.debug_info</name>
         <load_address>0x1af2</load_address>
         <run_address>0x1af2</run_address>
         <size>0x245</size>
         <input_file_ref idref="fl-2"/>
      </object_component>
      <object_component id="oc-56c">
         <name>.debug_info</name>
         <load_address>0x1d37</load_address>
         <run_address>0x1d37</run_address>
         <size>0x220</size>
         <input_file_ref idref="fl-2"/>
      </object_component>
      <object_component id="oc-51c">
         <name>.debug_info</name>
         <load_address>0x1f57</load_address>
         <run_address>0x1f57</run_address>
         <size>0x1b8</size>
         <input_file_ref idref="fl-2"/>
      </object_component>
      <object_component id="oc-522">
[...]
         <value>0xb0af</value>
         <object_component_ref idref="oc-2e4"/>
      </symbol>
      <symbol id="sm-5c8">
         <name>USER2_ISR</name>
         <value>0xb14f</value>
         <object_component_ref idref="oc-e6"/>
      </symbol>
      <symbol id="sm-5c9">
         <name>DCC0_ISR</name>
         <value>0xae6b</value>
         <object_component_ref idref="oc-296"/>
      </symbol>
      <symbol id="sm-5ca">
         <name>NMI_ISR</name>
         <value>0xb07d</value>
         <object_component_ref idref="oc-d4"/>
      </symbol>
      <symbol id="sm-5cb">
         <name>ADCA2_ISR</name>
         <value>0xadb7</value>
         <object_component_ref idref="oc-23c"/>
      </symbol>
      <symbol id="sm-5cc">
         <name>ADCC2_ISR</name>
         <value>0xade9</value>
         <object_component_ref idref="oc-2d2"/>
      </symbol>
      <symbol id="sm-5cd">
         <name>DMA_CH4_ISR</name>
         <value>0xae9d</value>
         <object_component_ref idref="oc-1f4"/>
      </symbol>
      <symbol id="sm-5ce">
         <name>TIMER2_ISR</name>
         <value>0xb11d</value>
         <object_component_ref idref="oc-bc"/>
      </symbol>
      <symbol id="sm-5cf">
         <name>XINT5_ISR</name>
         <value>0xb1d1</value>
         <object_component_ref idref="oc-25a"/>
      </symbol>
      <symbol id="sm-5d0">
         <name>WAKE_ISR</name>
         <value>0xb19f</value>
         <object_component_ref idref="oc-146"/>
      </symbol>
      <symbol id="sm-5d1">
         <name>DCC1_ISR</name>
         <value>0xae75</value>
         <object_component_ref idref="oc-2ba"/>
      </symbol>
      <symbol id="sm-5d2">
         <name>LINA_0_ISR</name>
         <value>0xb04b</value>
         <object_component_ref idref="oc-29c"/>
      </symbol>
      <symbol id="sm-5d3">
         <name>PMBUSA_ISR</name>
         <value>0xb09b</value>
         <object_component_ref idref="oc-2b4"/>
      </symbol>
      <symbol id="sm-5d4">
         <name>EPWM7_TZ_ISR</name>
         <value>0xaf6f</value>
         <object_component_ref idref="oc-170"/>
      </symbol>
      <symbol id="sm-5d5">
         <name>RTOS_ISR</name>
         <value>0xb0b9</value>
         <object_component_ref idref="oc-c8"/>
      </symbol>
      <symbol id="sm-5d6">
         <name>EPWM4_ISR</name>
         <value>0xaf29</value>
         <object_component_ref idref="oc-188"/>
      </symbol>
      <symbol id="sm-5d7">
         <name>ADCA3_ISR</name>
         <value>0xadc1</value>
         <object_component_ref idref="oc-242"/>
      </symbol>
      <symbol id="sm-5d8">
         <name>EPWM2_TZ_ISR</name>
         <value>0xaf0b</value>
         <object_component_ref idref="oc-152"/>
      </symbol>
      <symbol id="sm-5d9">
         <name>ADCC3_ISR</name>
         <value>0xadf3</value>
         <object_component_ref idref="oc-2d8"/>
      </symbol>
      <symbol id="sm-5da">
         <name>DMA_CH5_ISR</name>
         <value>0xaea7</value>
         <object_component_ref idref="oc-1fa"/>
      </symbol>
      <symbol id="sm-5db">
         <name>XINT4_ISR</name>
         <value>0xb1c7</value>
         <object_component_ref idref="oc-254"/>
      </symbol>
      <symbol id="sm-5dc">
         <name>EQEP1_ISR</name>
         <value>0xafab</value>
         <object_component_ref idref="oc-1b2"/>
      </symbol>
      <symbol id="sm-5dd">
         <name>NOTUSED_ISR</name>
         <value>0xb087</value>
         <object_component_ref idref="oc-308"/>
      </symbol>
      <symbol id="sm-5de">
         <name>LINA_1_ISR</name>
         <value>0xb055</value>
         <object_component_ref idref="oc-2a2"/>
      </symbol>
      <symbol id="sm-5df">
         <name>SPIA_RX_ISR</name>
         <value>0xb0d7</value>
         <object_component_ref idref="oc-1ca"/>
      </symbol>
      <symbol id="sm-5e0">
         <name>SPIA_TX_ISR</name>
         <value>0xb0e1</value>
         <object_component_ref idref="oc-1d0"/>
      </symbol>
      <symbol id="sm-5e1">
         <name>EPWM5_ISR</name>
         <value>0xaf3d</value>
         <object_component_ref idref="oc-18e"/>
      </symbol>
      <symbol id="sm-5e2">
         <name>DMA_CH6_ISR</name>
         <value>0xaeb1</value>
         <object_component_ref idref="oc-200"/>
      </symbol>
      <symbol id="sm-5e3">
         <name>FPU_UNDERFLOW_ISR</name>
         <value>0xafdd</value>
         <object_component_ref idref="oc-272"/>
      </symbol>
      <symbol id="sm-5e4">
         <name>USER5_ISR</name>
         <value>0xb16d</value>
         <object_component_ref idref="oc-f8"/>
      </symbol>
      <symbol id="sm-5e5">
         <name>EQEP2_ISR</name>
         <value>0xafb5</value>
         <object_component_ref idref="oc-1b8"/>
      </symbol>
      <symbol id="sm-5e6">
         <name>CLB1_ISR</name>
         <value>0xae4d</value>
         <object_component_ref idref="oc-1be"/>
      </symbol>
      <symbol id="sm-5e7">
         <name>EPWM4_TZ_ISR</name>
         <value>0xaf33</value>
         <object_component_ref idref="oc-15e"/>
      </symbol>
      <symbol id="sm-5e8">
         <name>FSITXA1_ISR</name>
         <value>0xaffb</value>
         <object_component_ref idref="oc-27e"/>
      </symbol>
      <symbol id="sm-5e9">
         <name>EPWM3_TZ_ISR</name>
         <value>0xaf1f</value>
         <object_component_ref idref="oc-158"/>
      </symbol>
      <symbol id="sm-5ea">
         <name>EPWM6_ISR</name>
         <value>0xaf51</value>
         <object_component_ref idref="oc-194"/>
      </symbol>
      <symbol id="sm-5eb">
         <name>RAM_ACC_VIOL_ISR</name>
         <value>0xb0a5</value>
         <object_component_ref idref="oc-2f0"/>
      </symbol>
      <symbol id="sm-5ec">
         <name>EMU_ISR</name>
         <value>0xaee3</value>
         <object_component_ref idref="oc-ce"/>
      </symbol>
      <symbol id="sm-5ed">
         <name>USER11_ISR</name>
         <value>0xb131</value>
         <object_component_ref idref="oc-11c"/>
      </symbol>
      <symbol id="sm-5ee">
         <name>USER4_ISR</name>
         <value>0xb163</value>
         <object_component_ref idref="oc-f2"/>
      </symbol>
      <symbol id="sm-5ef">
         <name>BGCRC_ISR</name>
         <value>0xae2f</value>
         <object_component_ref idref="oc-2c0"/>
      </symbol>
      <symbol id="sm-5f0">
         <name>SCIA_RX_ISR</name>
         <value>0xb0c3</value>
         <object_component_ref idref="oc-21e"/>
      </symbol>
      <symbol id="sm-5f1">
         <name>SCIA_TX_ISR</name>
         <value>0xb0cd</value>
         <object_component_ref idref="oc-224"/>
      </symbol>
      <symbol id="sm-5f2">
         <name>CLB2_ISR</name>
         <value>0xae57</value>
         <object_component_ref idref="oc-1c4"/>
      </symbol>
      <symbol id="sm-5f3">
         <name>ECAP1_ISR</name>
         <value>0xaebb</value>
         <object_component_ref idref="oc-1a0"/>
      </symbol>
      <symbol id="sm-5f4">
         <name>ADCA4_ISR</name>
         <value>0xadcb</value>
         <object_component_ref idref="oc-248"/>
      </symbol>
      <symbol id="sm-5f5">
         <name>FPU_OVERFLOW_ISR</name>
         <value>0xafd3</value>
         <object_component_ref idref="oc-26c"/>
      </symbol>
      <symbol id="sm-5f6">
         <name>ADCC4_ISR</name>
         <value>0xadfd</value>
         <object_component_ref idref="oc-2de"/>
      </symbol>
      <symbol id="sm-5f7">
         <name>FSITXA2_ISR</name>
         <value>0xb005</value>
         <object_component_ref idref="oc-284"/>
      </symbol>
      <symbol id="sm-5f8">
         <name>EPWM7_ISR</name>
         <value>0xaf65</value>
         <object_component_ref idref="oc-19a"/>
      </symbol>
      <symbol id="sm-5f9">
         <name>USER10_ISR</name>
         <value>0xb127</value>
         <object_component_ref idref="oc-116"/>
      </symbol>
      <symbol id="sm-5fa">
         <name>XINT1_ISR</name>
         <value>0xb1a9</value>
         <object_component_ref idref="oc-134"/>
      </symbol>
      <symbol id="sm-5fb">
         <name>USER7_ISR</name>
         <value>0xb181</value>
         <object_component_ref idref="oc-104"/>
      </symbol>
      <symbol id="sm-5fc">
         <name>USER9_ISR</name>
         <value>0xb195</value>
         <object_component_ref idref="oc-110"/>
      </symbol>
      <symbol id="sm-5fd">
         <name>ECAP2_ISR</name>
         <value>0xaec5</value>
         <object_component_ref idref="oc-1a6"/>
      </symbol>
      <symbol id="sm-5fe">
         <name>EPWM5_TZ_ISR</name>
         <value>0xaf47</value>
         <object_component_ref idref="oc-164"/>
      </symbol>
      <symbol id="sm-5ff">
         <name>I2CB_FIFO_ISR</name>
         <value>0xb02d</value>
         <object_component_ref idref="oc-218"/>
      </symbol>
      <symbol id="sm-600">
         <name>DMA_CH1_ISR</name>
         <value>0xae7f</value>
         <object_component_ref idref="oc-1e2"/>
      </symbol>
      <symbol id="sm-601">
         <name>USER6_ISR</name>
         <value>0xb177</value>
         <object_component_ref idref="oc-fe"/>
      </symbol>
      <symbol id="sm-602">
         <name>USER8_ISR</name>
         <value>0xb18b</value>
         <object_component_ref idref="oc-10a"/>
      </symbol>
      <symbol id="sm-603">
         <name>SPIB_RX_ISR</name>
         <value>0xb0eb</value>
         <object_component_ref idref="oc-1d6"/>
      </symbol>
      <symbol id="sm-604">
         <name>SPIB_TX_ISR</name>
         <value>0xb0f5</value>
         <object_component_ref idref="oc-1dc"/>
      </symbol>
      <symbol id="sm-605">
         <name>ECAP3_ISR</name>
         <value>0xaed9</value>
         <object_component_ref idref="oc-1ac"/>
      </symbol>
      <symbol id="sm-606">
         <name>EPWM1_ISR</name>
         <value>0xaeed</value>
         <object_component_ref idref="oc-176"/>
      </symbol>
      <symbol id="sm-607">
         <name>DMA_CH2_ISR</name>
         <value>0xae89</value>
         <object_component_ref idref="oc-1e8"/>
      </symbol>
      <symbol id="sm-608">
         <name>USER12_ISR</name>
         <value>0xb13b</value>
         <object_component_ref idref="oc-122"/>
      </symbol>
      <symbol id="sm-609">
         <name>XINT3_ISR</name>
         <value>0xb1bd</value>
         <object_component_ref idref="oc-24e"/>
      </symbol>
      <symbol id="sm-60a">
         <name>USER1_ISR</name>
         <value>0xb145</value>
         <object_component_ref idref="oc-e0"/>
      </symbol>
      <symbol id="sm-60b">
         <name>I2CA_ISR</name>
         <value>0xb023</value>
         <object_component_ref idref="oc-206"/>
      </symbol>
      <symbol id="sm-60c">
         <name>HICA_ISR</name>
         <value>0xb00f</value>
         <object_component_ref idref="oc-2c6"/>
      </symbol>
      <symbol id="sm-60d">
         <name>CANA0_ISR</name>
         <value>0xae39</value>
         <object_component_ref idref="oc-22a"/>
      </symbol>
      <symbol id="sm-60e">
         <name>LINB_0_ISR</name>
         <value>0xb05f</value>
         <object_component_ref idref="oc-2a8"/>
      </symbol>
      <symbol id="sm-60f">
         <name>FSIRXA1_ISR</name>
         <value>0xafe7</value>
         <object_component_ref idref="oc-28a"/>
      </symbol>
      <symbol id="sm-610">
         <name>EPWM1_TZ_ISR</name>
         <value>0xaef7</value>
         <object_component_ref idref="oc-14c"/>
      </symbol>
      <symbol id="sm-611">
         <name>I2CA_FIFO_ISR</name>
         <value>0xb019</value>
         <object_component_ref idref="oc-20c"/>
      </symbol>
      <symbol id="sm-612">
         <name>EPWM2_ISR</name>
         <value>0xaf01</value>
         <object_component_ref idref="oc-17c"/>
      </symbol>
      <symbol id="sm-613">
         <name>DMA_CH3_ISR</name>
         <value>0xae93</value>
         <object_component_ref idref="oc-1ee"/>
      </symbol>
      <symbol id="sm-614">
         <name>FMC_ISR</name>
         <value>0xafc9</value>
         <object_component_ref idref="oc-266"/>
      </symbol>
      <symbol id="sm-615">
         <name>ADCC_EVT_ISR</name>
         <value>0xae07</value>
         <object_component_ref idref="oc-2cc"/>
      </symbol>
      <symbol id="sm-616">
         <name>DATALOG_ISR</name>
         <value>0xae61</value>
         <object_component_ref idref="oc-c2"/>
      </symbol>
      <symbol id="sm-617">
         <name>XINT2_ISR</name>
         <value>0xb1b3</value>
         <object_component_ref idref="oc-13a"/>
      </symbol>
      <symbol id="sm-618">
         <name>PIE_RESERVED_ISR</name>
         <value>0xb091</value>
         <object_component_ref idref="oc-2fc"/>
      </symbol>
      <symbol id="sm-619">
         <name>FLASH_CORR_ERR_ISR</name>
         <value>0xafbf</value>
         <object_component_ref idref="oc-2ea"/>
      </symbol>
      <symbol id="sm-61a">
         <name>I2CB_ISR</name>
         <value>0xb037</value>
         <object_component_ref idref="oc-212"/>
      </symbol>
      <symbol id="sm-61b">
         <name>CANA1_ISR</name>
         <value>0xae43</value>
         <object_component_ref idref="oc-230"/>
      </symbol>
      <symbol id="sm-61c">
         <name>LINB_1_ISR</name>
         <value>0xb069</value>
         <object_component_ref idref="oc-2ae"/>
      </symbol>
      <symbol id="sm-61d">
         <name>FSIRXA2_ISR</name>
         <value>0xaff1</value>
         <object_component_ref idref="oc-290"/>
      </symbol>
      <symbol id="sm-61e">
         <name>ILLEGAL_ISR</name>
         <value>0xb041</value>
         <object_component_ref idref="oc-da"/>
      </symbol>
      <symbol id="sm-61f">
         <name>EPWM3_ISR</name>
         <value>0xaf15</value>
         <object_component_ref idref="oc-182"/>
      </symbol>
      <symbol id="sm-620">
         <name>TIMER0_ISR</name>
         <value>0xb109</value>
         <object_component_ref idref="oc-140"/>
      </symbol>
      <symbol id="sm-621">
         <name>USER3_ISR</name>
         <value>0xb159</value>
         <object_component_ref idref="oc-ec"/>
      </symbol>
      <symbol id="sm-630">
         <name>PieVectTableInit</name>
         <value>0xc000</value>
         <object_component_ref idref="oc-b9"/>
      </symbol>
      <symbol id="sm-643">
         <name>ADC_setOffsetTrimAll</name>
         <value>0xa9c3</value>
         <object_component_ref idref="oc-52e"/>
      </symbol>
      <symbol id="sm-6b5">
         <name>EPWM_configureSignal</name>
         <value>0xa000</value>
         <object_component_ref idref="oc-5ce"/>
      </symbol>
      <symbol id="sm-6cf">
         <name>GPIO_setAnalogMode</name>
         <value>0xa63c</value>
         <object_component_ref idref="oc-514"/>
      </symbol>
      <symbol id="sm-6d0">
         <name>GPIO_setPinConfig</name>
         <value>0xa72f</value>
         <object_component_ref idref="oc-50e"/>
      </symbol>
      <symbol id="sm-726">
         <name>Interrupt_initModule</name>
         <value>0xa681</value>
         <object_component_ref idref="oc-47c"/>
      </symbol>
      <symbol id="sm-727">
         <name>Interrupt_enable</name>
         <value>0xa79a</value>
         <object_component_ref idref="oc-367"/>
      </symbol>
      <symbol id="sm-728">
         <name>Interrupt_initVectorTable</name>
         <value>0xaa03</value>
         <object_component_ref idref="oc-482"/>
      </symbol>
      <symbol id="sm-800">
         <name>SysCtl_isPLLValid</name>
         <value>0xa309</value>
         <object_component_ref idref="oc-5f5"/>
      </symbol>
      <symbol id="sm-801">
         <name>SysCtl_delay</name>
         <value>0x128</value>
         <object_component_ref idref="oc-546"/>
      </symbol>
      <symbol id="sm-802">
         <name>SysCtl_selectXTALSingleEnded</name>
         <value>0xaa92</value>
         <object_component_ref idref="oc-679"/>
      </symbol>
      <symbol id="sm-803">
         <name>SysCtl_selectXTAL</name>
         <value>0xa859</value>
         <object_component_ref idref="oc-673"/>
      </symbol>
      <symbol id="sm-804">
         <name>SysCtl_selectOscSource</name>
         <value>0xa82e</value>
         <object_component_ref idref="oc-5e9"/>
      </symbol>
      <symbol id="sm-805">
         <name>SysCtl_setClock</name>
         <value>0xa1fd</value>
         <object_component_ref idref="oc-4d3"/>
      </symbol>
      <symbol id="sm-812">
         <name>_c_int00</name>
         <value>0xab52</value>
         <object_component_ref idref="oc-8d"/>
      </symbol>
      <symbol id="sm-813">
         <name>__stack</name>
         <value>0x400</value>
         <object_component_ref idref="oc-30e"/>
      </symbol>
      <symbol id="sm-820">
         <name>__c28xabi_divf</name>
         <value>0xa4a6</value>
         <object_component_ref idref="oc-33f"/>
      </symbol>
      <symbol id="sm-82d">
         <name>_system_pre_init</name>
         <value>0xb24b</value>
         <object_component_ref idref="oc-325"/>
      </symbol>
      <symbol id="sm-83c">
         <name>__TI_auto_init_nobinit_nopinit</name>
         <value>0xa884</value>
         <object_component_ref idref="oc-3ef"/>
      </symbol>
      <symbol id="sm-84b">
         <name>__TI_zero_init_nomemset</name>
         <value>0xad0b</value>
         <object_component_ref idref="oc-319"/>
      </symbol>
      <symbol id="sm-858">
         <name>__TI_decompress_none</name>
         <value>0xb20e</value>
         <object_component_ref idref="oc-86"/>
      </symbol>
      <symbol id="sm-86c">
         <name>__TI_decompress_lzss</name>
         <value>0xa7ce</value>
         <object_component_ref idref="oc-80"/>
      </symbol>
      <symbol id="sm-882">
         <name>C$$EXIT</name>
         <value>0xa8d9</value>
         <object_component_ref idref="oc-332"/>
      </symbol>
      <symbol id="sm-883">
         <name>abort</name>
         <value>0xa8d9</value>
         <object_component_ref idref="oc-332"/>
      </symbol>
      <symbol id="sm-884">
         <name>exit</name>
         <value>0xa8db</value>
         <object_component_ref idref="oc-332"/>
      </symbol>
      <symbol id="sm-885">
         <name>__TI_dtors_ptr</name>
         <value>0xb256</value>
         <object_component_ref idref="oc-427"/>
      </symbol>
      <symbol id="sm-886">
         <name>__TI_cleanup_ptr</name>
         <value>0xb254</value>
         <object_component_ref idref="oc-427"/>
      </symbol>
      <symbol id="sm-887">
         <name>__TI_enable_exit_profile_output</name>
         <value>0xb252</value>
         <object_component_ref idref="oc-427"/>
      </symbol>
      <symbol id="sm-89e">
         <name>_nop</name>
         <value>0xb1f5</value>
         <object_component_ref idref="oc-4b2"/>
      </symbol>
      <symbol id="sm-89f">
         <name>_lock</name>
         <value>0xb258</value>
         <object_component_ref idref="oc-42a"/>
      </symbol>
      <symbol id="sm-8a0">
         <name>_unlock</name>
         <value>0xb25a</value>
         <object_component_ref idref="oc-5d5"/>
      </symbol>
      <symbol id="sm-8a1">
         <name>_register_lock</name>
         <value>0xb1f1</value>
         <object_component_ref idref="oc-4b2"/>
      </symbol>
      <symbol id="sm-8a2">
         <name>_register_unlock</name>
         <value>0xb1ed</value>
         <object_component_ref idref="oc-4b2"/>
      </symbol>
      <symbol id="sm-8b1">
         <name>_args_main</name>
         <value>0xad54</value>
         <object_component_ref idref="oc-32c"/>
      </symbol>
      <symbol id="sm-8c5">
         <name>memcpy</name>
         <value>0xaa3f</value>
         <object_component_ref idref="oc-311"/>
      </symbol>
      <symbol id="sm-8d2">
         <name>_system_post_cinit</name>
         <value>0xb24d</value>
         <object_component_ref idref="oc-45b"/>
      </symbol>
      <symbol id="sm-8d4">
         <name>__c_args__</name>
         <value>0x0</value>
      </symbol>
   </symbol_table>
   <title>Link successful</title>
</link_info>
